[pid 19417] <... mmap resumed> )        = 0x7f6fc2b13000
[pid 19415] mmap(0x7f14b9765000, 8192, PROT_READ|PROT_WRITE, MAP_PRIVATE|MAP_FIXED|MAP_DENYWRITE, 23, 0x4000 <unfinished ...>
[pid 19417] mprotect(0x7f6fc2beb000, 2097152, PROT_NONE <unfinished ...>
[pid 19415] <... mmap resumed> )        = 0x7f14b9765000
[pid 19417] <... mprotect resumed> )    = 0
[pid 19415] close(23 <unfinished ...>
[pid 19417] mmap(0x7f6fc2deb000, 40960, PROT_READ|PROT_WRITE, MAP_PRIVATE|MAP_FIXED|MAP_DENYWRITE, 4, 0xd8000 <unfinished ...>
[pid 19415] <... close resumed> )       = 0
[pid 19417] <... mmap resumed> )        = 0x7f6fc2deb000
[pid 19415] open("/home/cjb/go/src/github.com/keybase/client/react-native/electron/node_modules/electron-prebuilt/dist/libcanberra-gtk.so.0", O_RDONLY|O_CLOEXEC <unfinished ...>
[pid 19417] close(4 <unfinished ...>
[pid 19415] <... open resumed> )        = -1 ENOENT (No such file or directory)
[pid 19417] <... close resumed> )       = 0
[pid 19415] open("/etc/ld.so.cache", O_RDONLY|O_CLOEXEC) = 23
[pid 19417] open("/home/cjb/go/src/github.com/keybase/client/react-native/electron/node_modules/electron-prebuilt/dist/libkrb5.so.3", O_RDONLY|O_CLOEXEC <unfinished ...>
[pid 19415] fstat(23,  <unfinished ...>
[pid 19417] <... open resumed> )        = -1 ENOENT (No such file or directory)
[pid 19415] <... fstat resumed> {st_mode=S_IFREG|0644, st_size=148631, ...}) = 0
[pid 19417] access("/etc/ld.so.nohwcap", F_OK <unfinished ...>
[pid 19415] mmap(NULL, 148631, PROT_READ, MAP_PRIVATE, 23, 0 <unfinished ...>
[pid 19417] <... access resumed> )      = -1 ENOENT (No such file or directory)
[pid 19415] <... mmap resumed> )        = 0x7f14c9235000
[pid 19417] open("/usr/lib/x86_64-linux-gnu/libkrb5.so.3", O_RDONLY|O_CLOEXEC <unfinished ...>
[pid 19415] close(23 <unfinished ...>
[pid 19417] <... open resumed> )        = 4
[pid 19415] <... close resumed> )       = 0
[pid 19417] read(4,  <unfinished ...>
[pid 19415] access("/etc/ld.so.nohwcap", F_OK <unfinished ...>
[pid 19417] <... read resumed> "\177ELF\2\1\1\0\0\0\0\0\0\0\0\0\3\0>\0\1\0\0\0\300\v\2\0\0\0\0\0"..., 832) = 832
[pid 19415] <... access resumed> )      = -1 ENOENT (No such file or directory)
[pid 19417] fstat(4,  <unfinished ...>
[pid 19415] open("/usr/lib/x86_64-linux-gnu/libcanberra-gtk.so.0", O_RDONLY|O_CLOEXEC <unfinished ...>
[pid 19417] <... fstat resumed> {st_mode=S_IFREG|0644, st_size=864768, ...}) = 0
[pid 19415] <... open resumed> )        = 23
[pid 19417] mmap(NULL, 4096, PROT_READ|PROT_WRITE, MAP_PRIVATE|MAP_ANONYMOUS, -1, 0 <unfinished ...>
[pid 19415] read(23,  <unfinished ...>
[pid 19417] <... mmap resumed> )        = 0x7f6fcdbb8000
[pid 19415] <... read resumed> "\177ELF\2\1\1\0\0\0\0\0\0\0\0\0\3\0>\0\1\0\0\0`\34\0\0\0\0\0\0"..., 832) = 832
[pid 19417] mmap(NULL, 2960640, PROT_READ|PROT_EXEC, MAP_PRIVATE|MAP_DENYWRITE, 4, 0 <unfinished ...>
[pid 19415] fstat(23,  <unfinished ...>
[pid 19417] <... mmap resumed> )        = 0x7f6fc2840000
[pid 19415] <... fstat resumed> {st_mode=S_IFREG|0644, st_size=18840, ...}) = 0
[pid 19417] mprotect(0x7f6fc2904000, 2093056, PROT_NONE <unfinished ...>
[pid 19415] mmap(NULL, 2114072, PROT_READ|PROT_EXEC, MAP_PRIVATE|MAP_DENYWRITE, 23, 0 <unfinished ...>
[pid 19417] <... mprotect resumed> )    = 0
[pid 19415] <... mmap resumed> )        = 0x7f14b935c000
[pid 19417] mmap(0x7f6fc2b03000, 65536, PROT_READ|PROT_WRITE, MAP_PRIVATE|MAP_FIXED|MAP_DENYWRITE, 4, 0xc3000 <unfinished ...>
[pid 19415] mprotect(0x7f14b9360000, 2093056, PROT_NONE <unfinished ...>
[pid 19417] <... mmap resumed> )        = 0x7f6fc2b03000
[pid 19415] <... mprotect resumed> )    = 0
[pid 19415] mmap(0x7f14b955f000, 8192, PROT_READ|PROT_WRITE, MAP_PRIVATE|MAP_FIXED|MAP_DENYWRITE, 23, 0x3000 <unfinished ...>
[pid 19417] close(4 <unfinished ...>
[pid 19415] <... mmap resumed> )        = 0x7f14b955f000
[pid 19417] <... close resumed> )       = 0
[pid 19415] close(23 <unfinished ...>
[pid 19417] open("/home/cjb/go/src/github.com/keybase/client/react-native/electron/node_modules/electron-prebuilt/dist/libk5crypto.so.3", O_RDONLY|O_CLOEXEC <unfinished ...>
[pid 19415] <... close resumed> )       = 0
[pid 19417] <... open resumed> )        = -1 ENOENT (No such file or directory)
[pid 19417] access("/etc/ld.so.nohwcap", F_OK) = -1 ENOENT (No such file or directory)
[pid 19417] open("/usr/lib/x86_64-linux-gnu/libk5crypto.so.3", O_RDONLY|O_CLOEXEC <unfinished ...>
[pid 19415] open("/home/cjb/go/src/github.com/keybase/client/react-native/electron/node_modules/electron-prebuilt/dist/libcanberra.so.0", O_RDONLY|O_CLOEXEC <unfinished ...>
[pid 19417] <... open resumed> )        = 4
[pid 19415] <... open resumed> )        = -1 ENOENT (No such file or directory)
[pid 19417] read(4,  <unfinished ...>
[pid 19415] access("/etc/ld.so.nohwcap", F_OK <unfinished ...>
[pid 19417] <... read resumed> "\177ELF\2\1\1\0\0\0\0\0\0\0\0\0\3\0>\0\1\0\0\0\320?\0\0\0\0\0\0"..., 832) = 832
[pid 19415] <... access resumed> )      = -1 ENOENT (No such file or directory)
[pid 19417] fstat(4,  <unfinished ...>
[pid 19415] open("/usr/lib/x86_64-linux-gnu/libcanberra.so.0", O_RDONLY|O_CLOEXEC <unfinished ...>
[pid 19417] <... fstat resumed> {st_mode=S_IFREG|0644, st_size=195016, ...}) = 0
[pid 19415] <... open resumed> )        = 23
[pid 19417] mmap(NULL, 2293976, PROT_READ|PROT_EXEC, MAP_PRIVATE|MAP_DENYWRITE, 4, 0 <unfinished ...>
[pid 19415] read(23,  <unfinished ...>
[pid 19417] <... mmap resumed> )        = 0x7f6fc260f000
[pid 19415] <... read resumed> "\177ELF\2\1\1\0\0\0\0\0\0\0\0\0\3\0>\0\1\0\0\0\340+\0\0\0\0\0\0"..., 832) = 832
[pid 19417] mprotect(0x7f6fc263d000, 2093056, PROT_NONE <unfinished ...>
[pid 19415] fstat(23, {st_mode=S_IFREG|0644, st_size=72512, ...}) = 0
[pid 19417] <... mprotect resumed> )    = 0
[pid 19415] mmap(NULL, 2167632, PROT_READ|PROT_EXEC, MAP_PRIVATE|MAP_DENYWRITE, 23, 0 <unfinished ...>
[pid 19417] mmap(0x7f6fc283c000, 12288, PROT_READ|PROT_WRITE, MAP_PRIVATE|MAP_FIXED|MAP_DENYWRITE, 4, 0x2d000 <unfinished ...>
[pid 19415] <... mmap resumed> )        = 0x7f14b914a000
[pid 19417] <... mmap resumed> )        = 0x7f6fc283c000
[pid 19415] mprotect(0x7f14b915a000, 2097152, PROT_NONE <unfinished ...>
[pid 19417] mmap(0x7f6fc283f000, 216, PROT_READ|PROT_WRITE, MAP_PRIVATE|MAP_FIXED|MAP_ANONYMOUS, -1, 0 <unfinished ...>
[pid 19415] <... mprotect resumed> )    = 0
[pid 19417] <... mmap resumed> )        = 0x7f6fc283f000
[pid 19415] mmap(0x7f14b935a000, 8192, PROT_READ|PROT_WRITE, MAP_PRIVATE|MAP_FIXED|MAP_DENYWRITE, 23, 0x10000 <unfinished ...>
[pid 19417] close(4 <unfinished ...>
[pid 19415] <... mmap resumed> )        = 0x7f14b935a000
[pid 19417] <... close resumed> )       = 0
[pid 19415] close(23 <unfinished ...>
[pid 19417] open("/home/cjb/go/src/github.com/keybase/client/react-native/electron/node_modules/electron-prebuilt/dist/libcom_err.so.2", O_RDONLY|O_CLOEXEC <unfinished ...>
[pid 19415] <... close resumed> )       = 0
[pid 19417] <... open resumed> )        = -1 ENOENT (No such file or directory)
[pid 19417] access("/etc/ld.so.nohwcap", F_OK) = -1 ENOENT (No such file or directory)
[pid 19417] open("/lib/x86_64-linux-gnu/libcom_err.so.2", O_RDONLY|O_CLOEXEC) = 4
[pid 19417] read(4, "\177ELF\2\1\1\0\0\0\0\0\0\0\0\0\3\0>\0\1\0\0\0\200\24\0\0\0\0\0\0"..., 832) = 832
[pid 19417] fstat(4,  <unfinished ...>
[pid 19415] open("/home/cjb/go/src/github.com/keybase/client/react-native/electron/node_modules/electron-prebuilt/dist/libvorbisfile.so.3", O_RDONLY|O_CLOEXEC <unfinished ...>
[pid 19417] <... fstat resumed> {st_mode=S_IFREG|0644, st_size=14592, ...}) = 0
[pid 19415] <... open resumed> )        = -1 ENOENT (No such file or directory)
[pid 19417] mmap(NULL, 2109896, PROT_READ|PROT_EXEC, MAP_PRIVATE|MAP_DENYWRITE, 4, 0 <unfinished ...>
[pid 19415] access("/etc/ld.so.nohwcap", F_OK <unfinished ...>
[pid 19417] <... mmap resumed> )        = 0x7f6fc240b000
[pid 19415] <... access resumed> )      = -1 ENOENT (No such file or directory)
[pid 19417] mprotect(0x7f6fc240e000, 2093056, PROT_NONE <unfinished ...>
[pid 19415] open("/usr/lib/x86_64-linux-gnu/libvorbisfile.so.3", O_RDONLY|O_CLOEXEC <unfinished ...>
[pid 19417] <... mprotect resumed> )    = 0
[pid 19415] <... open resumed> )        = 23
[pid 19417] mmap(0x7f6fc260d000, 8192, PROT_READ|PROT_WRITE, MAP_PRIVATE|MAP_FIXED|MAP_DENYWRITE, 4, 0x2000 <unfinished ...>
[pid 19415] read(23,  <unfinished ...>
[pid 19417] <... mmap resumed> )        = 0x7f6fc260d000
[pid 19415] <... read resumed> "\177ELF\2\1\1\0\0\0\0\0\0\0\0\0\3\0>\0\1\0\0\0\240\35\0\0\0\0\0\0"..., 832) = 832
[pid 19415] fstat(23,  <unfinished ...>
[pid 19417] close(4 <unfinished ...>
[pid 19415] <... fstat resumed> {st_mode=S_IFREG|0644, st_size=35176, ...}) = 0
[pid 19417] <... close resumed> )       = 0
[pid 19415] mmap(NULL, 2130384, PROT_READ|PROT_EXEC, MAP_PRIVATE|MAP_DENYWRITE, 23, 0) = 0x7f14b8f41000
[pid 19417] open("/home/cjb/go/src/github.com/keybase/client/react-native/electron/node_modules/electron-prebuilt/dist/libkrb5support.so.0", O_RDONLY|O_CLOEXEC <unfinished ...>
[pid 19415] mprotect(0x7f14b8f48000, 2097152, PROT_NONE <unfinished ...>
[pid 19417] <... open resumed> )        = -1 ENOENT (No such file or directory)
[pid 19415] <... mprotect resumed> )    = 0
[pid 19417] access("/etc/ld.so.nohwcap", F_OK <unfinished ...>
[pid 19415] mmap(0x7f14b9148000, 8192, PROT_READ|PROT_WRITE, MAP_PRIVATE|MAP_FIXED|MAP_DENYWRITE, 23, 0x7000 <unfinished ...>
[pid 19417] <... access resumed> )      = -1 ENOENT (No such file or directory)
[pid 19415] <... mmap resumed> )        = 0x7f14b9148000
[pid 19417] open("/usr/lib/x86_64-linux-gnu/libkrb5support.so.0", O_RDONLY|O_CLOEXEC <unfinished ...>
[pid 19415] close(23 <unfinished ...>
[pid 19417] <... open resumed> )        = 4
[pid 19415] <... close resumed> )       = 0
[pid 19417] read(4,  <unfinished ...>
[pid 19415] open("/home/cjb/go/src/github.com/keybase/client/react-native/electron/node_modules/electron-prebuilt/dist/libtdb.so.1", O_RDONLY|O_CLOEXEC <unfinished ...>
[pid 19417] <... read resumed> "\177ELF\2\1\1\0\0\0\0\0\0\0\0\0\3\0>\0\1\0\0\0000(\0\0\0\0\0\0"..., 832) = 832
[pid 19415] <... open resumed> )        = -1 ENOENT (No such file or directory)
[pid 19417] fstat(4,  <unfinished ...>
[pid 19415] access("/etc/ld.so.nohwcap", F_OK <unfinished ...>
[pid 19417] <... fstat resumed> {st_mode=S_IFREG|0644, st_size=43672, ...}) = 0
[pid 19415] <... access resumed> )      = -1 ENOENT (No such file or directory)
[pid 19417] mmap(NULL, 4096, PROT_READ|PROT_WRITE, MAP_PRIVATE|MAP_ANONYMOUS, -1, 0 <unfinished ...>
[pid 19415] open("/usr/lib/x86_64-linux-gnu/libtdb.so.1", O_RDONLY|O_CLOEXEC <unfinished ...>
[pid 19417] <... mmap resumed> )        = 0x7f6fcdbb7000
[pid 19415] <... open resumed> )        = 23
[pid 19417] mmap(NULL, 2139144, PROT_READ|PROT_EXEC, MAP_PRIVATE|MAP_DENYWRITE, 4, 0 <unfinished ...>
[pid 19415] read(23,  <unfinished ...>
[pid 19417] <... mmap resumed> )        = 0x7f6fc2200000
[pid 19415] <... read resumed> "\177ELF\2\1\1\0\0\0\0\0\0\0\0\0\3\0>\0\1\0\0\0@*\0\0\0\0\0\0"..., 832) = 832
[pid 19417] mprotect(0x7f6fc220a000, 2093056, PROT_NONE <unfinished ...>
[pid 19415] fstat(23,  <unfinished ...>
[pid 19417] <... mprotect resumed> )    = 0
[pid 19415] <... fstat resumed> {st_mode=S_IFREG|0644, st_size=84440, ...}) = 0
[pid 19417] mmap(0x7f6fc2409000, 8192, PROT_READ|PROT_WRITE, MAP_PRIVATE|MAP_FIXED|MAP_DENYWRITE, 4, 0x9000 <unfinished ...>
[pid 19415] mmap(NULL, 2179568, PROT_READ|PROT_EXEC, MAP_PRIVATE|MAP_DENYWRITE, 23, 0 <unfinished ...>
[pid 19417] <... mmap resumed> )        = 0x7f6fc2409000
[pid 19415] <... mmap resumed> )        = 0x7f14b8d2c000
[pid 19415] mprotect(0x7f14b8d40000, 2093056, PROT_NONE <unfinished ...>
[pid 19417] close(4 <unfinished ...>
[pid 19415] <... mprotect resumed> )    = 0
[pid 19417] <... close resumed> )       = 0
[pid 19415] mmap(0x7f14b8f3f000, 8192, PROT_READ|PROT_WRITE, MAP_PRIVATE|MAP_FIXED|MAP_DENYWRITE, 23, 0x13000) = 0x7f14b8f3f000
[pid 19417] open("/home/cjb/go/src/github.com/keybase/client/react-native/electron/node_modules/electron-prebuilt/dist/libp11-kit.so.0", O_RDONLY|O_CLOEXEC <unfinished ...>
[pid 19415] close(23 <unfinished ...>
[pid 19417] <... open resumed> )        = -1 ENOENT (No such file or directory)
[pid 19415] <... close resumed> )       = 0
[pid 19417] access("/etc/ld.so.nohwcap", F_OK <unfinished ...>
[pid 19415] open("/home/cjb/go/src/github.com/keybase/client/react-native/electron/node_modules/electron-prebuilt/dist/libltdl.so.7", O_RDONLY|O_CLOEXEC <unfinished ...>
[pid 19417] <... access resumed> )      = -1 ENOENT (No such file or directory)
[pid 19415] <... open resumed> )        = -1 ENOENT (No such file or directory)
[pid 19417] open("/usr/lib/x86_64-linux-gnu/libp11-kit.so.0", O_RDONLY|O_CLOEXEC <unfinished ...>
[pid 19415] access("/etc/ld.so.nohwcap", F_OK <unfinished ...>
[pid 19417] <... open resumed> )        = 4
[pid 19415] <... access resumed> )      = -1 ENOENT (No such file or directory)
[pid 19417] read(4,  <unfinished ...>
[pid 19415] open("/usr/lib/x86_64-linux-gnu/libltdl.so.7", O_RDONLY|O_CLOEXEC <unfinished ...>
[pid 19417] <... read resumed> "\177ELF\2\1\1\0\0\0\0\0\0\0\0\0\3\0>\0\1\0\0\0\20\25\1\0\0\0\0\0"..., 832) = 832
[pid 19415] <... open resumed> )        = 23
[pid 19417] fstat(4,  <unfinished ...>
[pid 19415] read(23,  <unfinished ...>
[pid 19417] <... fstat resumed> {st_mode=S_IFREG|0644, st_size=412784, ...}) = 0
[pid 19415] <... read resumed> "\177ELF\2\1\1\0\0\0\0\0\0\0\0\0\3\0>\0\1\0\0\0`\37\0\0\0\0\0\0"..., 832) = 832
[pid 19417] mmap(NULL, 2509072, PROT_READ|PROT_EXEC, MAP_PRIVATE|MAP_DENYWRITE, 4, 0 <unfinished ...>
[pid 19415] fstat(23,  <unfinished ...>
[pid 19417] <... mmap resumed> )        = 0x7f6fc1f9b000
[pid 19415] <... fstat resumed> {st_mode=S_IFREG|0644, st_size=39232, ...}) = 0
[pid 19417] mprotect(0x7f6fc1ff5000, 2093056, PROT_NONE <unfinished ...>
[pid 19415] mmap(NULL, 2134472, PROT_READ|PROT_EXEC, MAP_PRIVATE|MAP_DENYWRITE, 23, 0 <unfinished ...>
[pid 19417] <... mprotect resumed> )    = 0
[pid 19415] <... mmap resumed> )        = 0x7f14b8b22000
[pid 19417] mmap(0x7f6fc21f4000, 49152, PROT_READ|PROT_WRITE, MAP_PRIVATE|MAP_FIXED|MAP_DENYWRITE, 4, 0x59000 <unfinished ...>
[pid 19415] mprotect(0x7f14b8b2b000, 2093056, PROT_NONE <unfinished ...>
[pid 19417] <... mmap resumed> )        = 0x7f6fc21f4000
[pid 19415] <... mprotect resumed> )    = 0
[pid 19415] mmap(0x7f14b8d2a000, 8192, PROT_READ|PROT_WRITE, MAP_PRIVATE|MAP_FIXED|MAP_DENYWRITE, 23, 0x8000 <unfinished ...>
[pid 19417] close(4 <unfinished ...>
[pid 19415] <... mmap resumed> )        = 0x7f14b8d2a000
[pid 19417] <... close resumed> )       = 0
[pid 19415] close(23 <unfinished ...>
[pid 19417] open("/home/cjb/go/src/github.com/keybase/client/react-native/electron/node_modules/electron-prebuilt/dist/libtasn1.so.6", O_RDONLY|O_CLOEXEC <unfinished ...>
[pid 19415] <... close resumed> )       = 0
[pid 19417] <... open resumed> )        = -1 ENOENT (No such file or directory)
[pid 19417] access("/etc/ld.so.nohwcap", F_OK) = -1 ENOENT (No such file or directory)
[pid 19417] open("/usr/lib/x86_64-linux-gnu/libtasn1.so.6", O_RDONLY|O_CLOEXEC <unfinished ...>
[pid 19415] open("/home/cjb/go/src/github.com/keybase/client/react-native/electron/node_modules/electron-prebuilt/dist/libvorbis.so.0", O_RDONLY|O_CLOEXEC <unfinished ...>
[pid 19417] <... open resumed> )        = 4
[pid 19415] <... open resumed> )        = -1 ENOENT (No such file or directory)
[pid 19417] read(4,  <unfinished ...>
[pid 19415] access("/etc/ld.so.nohwcap", F_OK <unfinished ...>
[pid 19417] <... read resumed> "\177ELF\2\1\1\0\0\0\0\0\0\0\0\0\3\0>\0\1\0\0\0\360)\0\0\0\0\0\0"..., 832) = 832
[pid 19415] <... access resumed> )      = -1 ENOENT (No such file or directory)
[pid 19417] fstat(4,  <unfinished ...>
[pid 19415] open("/usr/lib/x86_64-linux-gnu/libvorbis.so.0", O_RDONLY|O_CLOEXEC <unfinished ...>
[pid 19417] <... fstat resumed> {st_mode=S_IFREG|0644, st_size=76144, ...}) = 0
[pid 19415] <... open resumed> )        = 23
[pid 19417] mmap(NULL, 2172104, PROT_READ|PROT_EXEC, MAP_PRIVATE|MAP_DENYWRITE, 4, 0 <unfinished ...>
[pid 19415] read(23,  <unfinished ...>
[pid 19417] <... mmap resumed> )        = 0x7f6fc1d88000
[pid 19415] <... read resumed> "\177ELF\2\1\1\0\0\0\0\0\0\0\0\0\3\0>\0\1\0\0\0\320-\0\0\0\0\0\0"..., 832) = 832
[pid 19417] mprotect(0x7f6fc1d99000, 2097152, PROT_NONE <unfinished ...>
[pid 19415] fstat(23, {st_mode=S_IFREG|0644, st_size=178488, ...}) = 0
[pid 19417] <... mprotect resumed> )    = 0
[pid 19415] mmap(NULL, 2273616, PROT_READ|PROT_EXEC, MAP_PRIVATE|MAP_DENYWRITE, 23, 0 <unfinished ...>
[pid 19417] mmap(0x7f6fc1f99000, 8192, PROT_READ|PROT_WRITE, MAP_PRIVATE|MAP_FIXED|MAP_DENYWRITE, 4, 0x11000 <unfinished ...>
[pid 19415] <... mmap resumed> )        = 0x7f14b88f6000
[pid 19417] <... mmap resumed> )        = 0x7f6fc1f99000
[pid 19415] mprotect(0x7f14b8921000, 2093056, PROT_NONE <unfinished ...>
[pid 19417] close(4 <unfinished ...>
[pid 19415] <... mprotect resumed> )    = 0
[pid 19417] <... close resumed> )       = 0
[pid 19415] mmap(0x7f14b8b20000, 8192, PROT_READ|PROT_WRITE, MAP_PRIVATE|MAP_FIXED|MAP_DENYWRITE, 23, 0x2a000) = 0x7f14b8b20000
[pid 19417] open("/home/cjb/go/src/github.com/keybase/client/react-native/electron/node_modules/electron-prebuilt/dist/libnettle.so.6", O_RDONLY|O_CLOEXEC <unfinished ...>
[pid 19415] close(23 <unfinished ...>
[pid 19417] <... open resumed> )        = -1 ENOENT (No such file or directory)
[pid 19415] <... close resumed> )       = 0
[pid 19417] access("/etc/ld.so.nohwcap", F_OK <unfinished ...>
[pid 19415] open("/home/cjb/go/src/github.com/keybase/client/react-native/electron/node_modules/electron-prebuilt/dist/libogg.so.0", O_RDONLY|O_CLOEXEC <unfinished ...>
[pid 19417] <... access resumed> )      = -1 ENOENT (No such file or directory)
[pid 19415] <... open resumed> )        = -1 ENOENT (No such file or directory)
[pid 19417] open("/usr/lib/x86_64-linux-gnu/libnettle.so.6", O_RDONLY|O_CLOEXEC <unfinished ...>
[pid 19415] access("/etc/ld.so.nohwcap", F_OK <unfinished ...>
[pid 19417] <... open resumed> )        = 4
[pid 19415] <... access resumed> )      = -1 ENOENT (No such file or directory)
[pid 19417] read(4,  <unfinished ...>
[pid 19415] open("/usr/lib/x86_64-linux-gnu/libogg.so.0", O_RDONLY|O_CLOEXEC <unfinished ...>
[pid 19417] <... read resumed> "\177ELF\2\1\1\0\0\0\0\0\0\0\0\0\3\0>\0\1\0\0\0000~\0\0\0\0\0\0"..., 832) = 832
[pid 19415] <... open resumed> )        = 23
[pid 19417] fstat(4,  <unfinished ...>
[pid 19415] read(23,  <unfinished ...>
[pid 19417] <... fstat resumed> {st_mode=S_IFREG|0644, st_size=219288, ...}) = 0
[pid 19415] <... read resumed> "\177ELF\2\1\1\0\0\0\0\0\0\0\0\0\3\0>\0\1\0\0\0p\32\0\0\0\0\0\0"..., 832) = 832
[pid 19417] mmap(NULL, 4096, PROT_READ|PROT_WRITE, MAP_PRIVATE|MAP_ANONYMOUS, -1, 0 <unfinished ...>
[pid 19415] fstat(23,  <unfinished ...>
[pid 19417] <... mmap resumed> )        = 0x7f6fcdbb6000
[pid 19415] <... fstat resumed> {st_mode=S_IFREG|0644, st_size=34624, ...}) = 0
[pid 19417] mmap(NULL, 2314400, PROT_READ|PROT_EXEC, MAP_PRIVATE|MAP_DENYWRITE, 4, 0 <unfinished ...>
[pid 19415] mmap(NULL, 2129936, PROT_READ|PROT_EXEC, MAP_PRIVATE|MAP_DENYWRITE, 23, 0 <unfinished ...>
[pid 19417] <... mmap resumed> )        = 0x7f6fc1b52000
[pid 19415] <... mmap resumed> )        = 0x7f14b86ed000
[pid 19417] mprotect(0x7f6fc1b86000, 2093056, PROT_NONE <unfinished ...>
[pid 19415] mprotect(0x7f14b86f4000, 2097152, PROT_NONE <unfinished ...>
[pid 19417] <... mprotect resumed> )    = 0
[pid 19415] <... mprotect resumed> )    = 0
[pid 19417] mmap(0x7f6fc1d85000, 12288, PROT_READ|PROT_WRITE, MAP_PRIVATE|MAP_FIXED|MAP_DENYWRITE, 4, 0x33000 <unfinished ...>
[pid 19415] mmap(0x7f14b88f4000, 8192, PROT_READ|PROT_WRITE, MAP_PRIVATE|MAP_FIXED|MAP_DENYWRITE, 23, 0x7000 <unfinished ...>
[pid 19417] <... mmap resumed> )        = 0x7f6fc1d85000
[pid 19415] <... mmap resumed> )        = 0x7f14b88f4000
[pid 19417] close(4 <unfinished ...>
[pid 19415] close(23 <unfinished ...>
[pid 19417] <... close resumed> )       = 0
[pid 19415] <... close resumed> )       = 0
[pid 19417] open("/home/cjb/go/src/github.com/keybase/client/react-native/electron/node_modules/electron-prebuilt/dist/libhogweed.so.4", O_RDONLY|O_CLOEXEC) = -1 ENOENT (No such file or directory)
[pid 19417] access("/etc/ld.so.nohwcap", F_OK) = -1 ENOENT (No such file or directory)
[pid 19417] open("/usr/lib/x86_64-linux-gnu/libhogweed.so.4", O_RDONLY|O_CLOEXEC) = 4
[pid 19417] read(4, "\177ELF\2\1\1\0\0\0\0\0\0\0\0\0\3\0>\0\1\0\0\0\300c\0\0\0\0\0\0"..., 832) = 832
[pid 19417] fstat(4, {st_mode=S_IFREG|0644, st_size=207584, ...}) = 0
[pid 19417] mmap(NULL, 2302664, PROT_READ|PROT_EXEC, MAP_PRIVATE|MAP_DENYWRITE, 4, 0) = 0x7f6fc191f000
[pid 19415] mprotect(0x7f14b88f4000, 4096, PROT_READ <unfinished ...>
[pid 19417] mprotect(0x7f6fc1950000, 2097152, PROT_NONE <unfinished ...>
[pid 19415] <... mprotect resumed> )    = 0
[pid 19417] <... mprotect resumed> )    = 0
[pid 19417] mmap(0x7f6fc1b50000, 8192, PROT_READ|PROT_WRITE, MAP_PRIVATE|MAP_FIXED|MAP_DENYWRITE, 4, 0x31000) = 0x7f6fc1b50000
[pid 19415] mprotect(0x7f14b8b20000, 4096, PROT_READ <unfinished ...>
[pid 19417] close(4 <unfinished ...>
[pid 19415] <... mprotect resumed> )    = 0
[pid 19417] <... close resumed> )       = 0
[pid 19417] open("/home/cjb/go/src/github.com/keybase/client/react-native/electron/node_modules/electron-prebuilt/dist/libgmp.so.10", O_RDONLY|O_CLOEXEC <unfinished ...>
[pid 19415] mprotect(0x7f14b8d2a000, 4096, PROT_READ <unfinished ...>
[pid 19417] <... open resumed> )        = -1 ENOENT (No such file or directory)
[pid 19415] <... mprotect resumed> )    = 0
[pid 19417] access("/etc/ld.so.nohwcap", F_OK) = -1 ENOENT (No such file or directory)
[pid 19415] mprotect(0x7f14b8f3f000, 4096, PROT_READ <unfinished ...>
[pid 19417] open("/usr/lib/x86_64-linux-gnu/libgmp.so.10", O_RDONLY|O_CLOEXEC <unfinished ...>
[pid 19415] <... mprotect resumed> )    = 0
[pid 19417] <... open resumed> )        = 4
[pid 19417] read(4,  <unfinished ...>
[pid 19415] mprotect(0x7f14b9148000, 4096, PROT_READ <unfinished ...>
[pid 19417] <... read resumed> "\177ELF\2\1\1\0\0\0\0\0\0\0\0\0\3\0>\0\1\0\0\0\0\223\0\0\0\0\0\0"..., 832) = 832
[pid 19415] <... mprotect resumed> )    = 0
[pid 19417] fstat(4, {st_mode=S_IFREG|0644, st_size=522600, ...}) = 0
[pid 19415] mprotect(0x7f14b935a000, 4096, PROT_READ <unfinished ...>
[pid 19417] mmap(NULL, 2617792, PROT_READ|PROT_EXEC, MAP_PRIVATE|MAP_DENYWRITE, 4, 0 <unfinished ...>
[pid 19415] <... mprotect resumed> )    = 0
[pid 19417] <... mmap resumed> )        = 0x7f6fc169f000
[pid 19417] mprotect(0x7f6fc171d000, 2097152, PROT_NONE <unfinished ...>
[pid 19415] mprotect(0x7f14b955f000, 4096, PROT_READ <unfinished ...>
[pid 19417] <... mprotect resumed> )    = 0
[pid 19415] <... mprotect resumed> )    = 0
[pid 19417] mmap(0x7f6fc191d000, 8192, PROT_READ|PROT_WRITE, MAP_PRIVATE|MAP_FIXED|MAP_DENYWRITE, 4, 0x7e000 <unfinished ...>
[pid 19415] mprotect(0x7f14b9765000, 4096, PROT_READ <unfinished ...>
[pid 19417] <... mmap resumed> )        = 0x7f6fc191d000
[pid 19415] <... mprotect resumed> )    = 0
[pid 19415] munmap(0x7f14c9235000, 148631 <unfinished ...>
[pid 19417] close(4 <unfinished ...>
[pid 19415] <... munmap resumed> )      = 0
[pid 19417] <... close resumed> )       = 0
[pid 19417] open("/home/cjb/go/src/github.com/keybase/client/react-native/electron/node_modules/electron-prebuilt/dist/libgraphite2.so.3", O_RDONLY|O_CLOEXEC) = -1 ENOENT (No such file or directory)
[pid 19417] access("/etc/ld.so.nohwcap", F_OK) = -1 ENOENT (No such file or directory)
[pid 19415] poll([{fd=21, events=POLLIN|POLLOUT}], 1, 4294967295 <unfinished ...>
[pid 19417] mmap(NULL, 4096, PROT_READ|PROT_WRITE, MAP_PRIVATE|MAP_ANONYMOUS, -1, 0 <unfinished ...>
[pid 19415] <... poll resumed> )        = 1 ([{fd=21, revents=POLLOUT}])
[pid 19417] <... mmap resumed> )        = 0x7f6fcdbb5000
[pid 19415] writev(21, [{"\20\0\t\0\32\0\0\0_UNITY_NET_WORKAREA_REGI"..., 36}, {NULL, 0}, {"", 0}], 3 <unfinished ...>
[pid 19417] open("/usr/lib/x86_64-linux-gnu/libgraphite2.so.3", O_RDONLY|O_CLOEXEC <unfinished ...>
[pid 19415] <... writev resumed> )      = 36
[pid 19417] <... open resumed> )        = 4
[pid 19415] poll([{fd=21, events=POLLIN}], 1, 4294967295 <unfinished ...>
[pid 19417] read(4,  <unfinished ...>
[pid 19415] <... poll resumed> )        = 1 ([{fd=21, revents=POLLIN}])
[pid 19417] <... read resumed> "\177ELF\2\1\1\0\0\0\0\0\0\0\0\0\3\0>\0\1\0\0\0\20$\0\0\0\0\0\0"..., 832) = 832
[pid 19415] recvmsg(21,  <unfinished ...>
[pid 19417] fstat(4,  <unfinished ...>
[pid 19415] <... recvmsg resumed> {msg_name(0)=NULL, msg_iov(1)=[{"\1\0~\0\0\0\0\0\241\1\0\0\0\0\0\0\0\0\0\0\0\0\0\0\0\0\0\0\0\0\0\0", 4096}], msg_controllen=0, msg_flags=0}, 0) = 32
[pid 19417] <... fstat resumed> {st_mode=S_IFREG|0644, st_size=112968, ...}) = 0
[pid 19415] recvmsg(21,  <unfinished ...>
[pid 19417] mmap(NULL, 2208112, PROT_READ|PROT_EXEC, MAP_PRIVATE|MAP_DENYWRITE, 4, 0 <unfinished ...>
[pid 19415] <... recvmsg resumed> 0x7ffc05130fd0, 0) = -1 EAGAIN (Resource temporarily unavailable)
[pid 19417] <... mmap resumed> )        = 0x7f6fc1483000
[pid 19415] recvmsg(21,  <unfinished ...>
[pid 19417] mprotect(0x7f6fc149d000, 2093056, PROT_NONE <unfinished ...>
[pid 19415] <... recvmsg resumed> 0x7ffc05130fd0, 0) = -1 EAGAIN (Resource temporarily unavailable)
[pid 19417] <... mprotect resumed> )    = 0
[pid 19417] mmap(0x7f6fc169c000, 12288, PROT_READ|PROT_WRITE, MAP_PRIVATE|MAP_FIXED|MAP_DENYWRITE, 4, 0x19000 <unfinished ...>
[pid 19415] futex(0x7f14c4b3a428, FUTEX_WAKE_PRIVATE, 2147483647 <unfinished ...>
[pid 19417] <... mmap resumed> )        = 0x7f6fc169c000
[pid 19415] <... futex resumed> )       = 0
[pid 19417] close(4)                    = 0
[pid 19415] futex(0x7f14c4b3a428, FUTEX_WAKE_PRIVATE, 2147483647) = 0
[pid 19417] open("/home/cjb/go/src/github.com/keybase/client/react-native/electron/node_modules/electron-prebuilt/dist/libgpg-error.so.0", O_RDONLY|O_CLOEXEC <unfinished ...>
[pid 19415] futex(0x7f14c4b3a428, FUTEX_WAKE_PRIVATE, 2147483647 <unfinished ...>
[pid 19417] <... open resumed> )        = -1 ENOENT (No such file or directory)
[pid 19415] <... futex resumed> )       = 0
[pid 19417] access("/etc/ld.so.nohwcap", F_OK <unfinished ...>
[pid 19415] futex(0x7f14c4b3a428, FUTEX_WAKE_PRIVATE, 2147483647 <unfinished ...>
[pid 19417] <... access resumed> )      = -1 ENOENT (No such file or directory)
[pid 19415] <... futex resumed> )       = 0
[pid 19417] open("/lib/x86_64-linux-gnu/libgpg-error.so.0", O_RDONLY|O_CLOEXEC <unfinished ...>
[pid 19415] futex(0x7f14c4b3a428, FUTEX_WAKE_PRIVATE, 2147483647 <unfinished ...>
[pid 19417] <... open resumed> )        = 4
[pid 19415] <... futex resumed> )       = 0
[pid 19417] read(4, "\177ELF\2\1\1\0\0\0\0\0\0\0\0\0\3\0>\0\1\0\0\0\320&\0\0\0\0\0\0"..., 832) = 832
[pid 19417] fstat(4, {st_mode=S_IFREG|0644, st_size=76328, ...}) = 0
[pid 19417] mmap(NULL, 2171440, PROT_READ|PROT_EXEC, MAP_PRIVATE|MAP_DENYWRITE, 4, 0) = 0x7f6fc1270000
[pid 19417] mprotect(0x7f6fc1282000, 2093056, PROT_NONE) = 0
[pid 19417] mmap(0x7f6fc1481000, 8192, PROT_READ|PROT_WRITE, MAP_PRIVATE|MAP_FIXED|MAP_DENYWRITE, 4, 0x11000) = 0x7f6fc1481000
[pid 19417] close(4)                    = 0
[pid 19417] open("/home/cjb/go/src/github.com/keybase/client/react-native/electron/node_modules/electron-prebuilt/dist/libkeyutils.so.1", O_RDONLY|O_CLOEXEC) = -1 ENOENT (No such file or directory)
[pid 19417] access("/etc/ld.so.nohwcap", F_OK) = -1 ENOENT (No such file or directory)
[pid 19417] open("/lib/x86_64-linux-gnu/libkeyutils.so.1", O_RDONLY|O_CLOEXEC <unfinished ...>
[pid 19415] futex(0x7f14c4b3a428, FUTEX_WAKE_PRIVATE, 2147483647 <unfinished ...>
[pid 19417] <... open resumed> )        = 4
[pid 19415] <... futex resumed> )       = 0
[pid 19417] read(4, "\177ELF\2\1\1\0\0\0\0\0\0\0\0\0\3\0>\0\1\0\0\0\200\23\0\0\0\0\0\0"..., 832) = 832
[pid 19417] fstat(4, {st_mode=S_IFREG|0644, st_size=14256, ...}) = 0
[pid 19415] futex(0x7f14c4b3a428, FUTEX_WAKE_PRIVATE, 2147483647 <unfinished ...>
[pid 19417] mmap(NULL, 4096, PROT_READ|PROT_WRITE, MAP_PRIVATE|MAP_ANONYMOUS, -1, 0 <unfinished ...>
[pid 19415] <... futex resumed> )       = 0
[pid 19417] <... mmap resumed> )        = 0x7f6fcdbb4000
[pid 19417] mmap(NULL, 2109456, PROT_READ|PROT_EXEC, MAP_PRIVATE|MAP_DENYWRITE, 4, 0) = 0x7f6fc106c000
[pid 19417] mprotect(0x7f6fc106f000, 2093056, PROT_NONE) = 0
[pid 19417] mmap(0x7f6fc126e000, 8192, PROT_READ|PROT_WRITE, MAP_PRIVATE|MAP_FIXED|MAP_DENYWRITE, 4, 0x2000) = 0x7f6fc126e000
[pid 19417] close(4)                    = 0
[pid 19415] futex(0x7f14c4b3a428, FUTEX_WAKE_PRIVATE, 2147483647) = 0
[pid 19417] mmap(NULL, 4096, PROT_READ|PROT_WRITE, MAP_PRIVATE|MAP_ANONYMOUS, -1, 0) = 0x7f6fcdbb3000
[pid 19417] mmap(NULL, 4096, PROT_READ|PROT_WRITE, MAP_PRIVATE|MAP_ANONYMOUS, -1, 0 <unfinished ...>
[pid 19415] futex(0x7f14c4b3a428, FUTEX_WAKE_PRIVATE, 2147483647 <unfinished ...>
[pid 19417] <... mmap resumed> )        = 0x7f6fcdbb2000
[pid 19415] <... futex resumed> )       = 0
[pid 19415] futex(0x7f14c4b3a428, FUTEX_WAKE_PRIVATE, 2147483647 <unfinished ...>
[pid 19417] mmap(NULL, 4096, PROT_READ|PROT_WRITE, MAP_PRIVATE|MAP_ANONYMOUS, -1, 0 <unfinished ...>
[pid 19415] <... futex resumed> )       = 0
[pid 19417] <... mmap resumed> )        = 0x7f6fcdbb1000
[pid 19415] futex(0x7f14c4b3a428, FUTEX_WAKE_PRIVATE, 2147483647) = 0
[pid 19417] mmap(NULL, 4096, PROT_READ|PROT_WRITE, MAP_PRIVATE|MAP_ANONYMOUS, -1, 0) = 0x7f6fcdbb0000
[pid 19415] open("/usr/share/locale/en_US/LC_MESSAGES/glib20.mo", O_RDONLY) = -1 ENOENT (No such file or directory)
[pid 19417] mmap(NULL, 4096, PROT_READ|PROT_WRITE, MAP_PRIVATE|MAP_ANONYMOUS, -1, 0 <unfinished ...>
[pid 19415] open("/usr/share/locale/en/LC_MESSAGES/glib20.mo", O_RDONLY <unfinished ...>
[pid 19417] <... mmap resumed> )        = 0x7f6fcdbaf000
[pid 19415] <... open resumed> )        = -1 ENOENT (No such file or directory)
[pid 19415] open("/usr/share/locale-langpack/en_US/LC_MESSAGES/glib20.mo", O_RDONLY) = -1 ENOENT (No such file or directory)
[pid 19415] open("/usr/share/locale-langpack/en/LC_MESSAGES/glib20.mo", O_RDONLY <unfinished ...>
[pid 19417] mmap(NULL, 4096, PROT_READ|PROT_WRITE, MAP_PRIVATE|MAP_ANONYMOUS, -1, 0 <unfinished ...>
[pid 19415] <... open resumed> )        = -1 ENOENT (No such file or directory)
[pid 19417] <... mmap resumed> )        = 0x7f6fcdbae000
[pid 19415] futex(0x7f14c4b3a428, FUTEX_WAKE_PRIVATE, 2147483647) = 0
[pid 19417] mmap(NULL, 8192, PROT_READ|PROT_WRITE, MAP_PRIVATE|MAP_ANONYMOUS, -1, 0) = 0x7f6fcdbac000
[pid 19415] futex(0x7f14c4b3a428, FUTEX_WAKE_PRIVATE, 2147483647 <unfinished ...>
[pid 19417] arch_prctl(ARCH_SET_FS, 0x7f6fcdbaca40 <unfinished ...>
[pid 19415] <... futex resumed> )       = 0
[pid 19417] <... arch_prctl resumed> )  = 0
[pid 19415] futex(0x7f14c4b3a428, FUTEX_WAKE_PRIVATE, 2147483647) = 0
[pid 19415] futex(0x7f14c4b3a428, FUTEX_WAKE_PRIVATE, 2147483647) = 0
[pid 19415] open("/usr/share/glib-2.0/schemas/gschemas.compiled", O_RDONLY) = 23
[pid 19415] fstat(23, {st_mode=S_IFREG|0644, st_size=288056, ...}) = 0
[pid 19415] mmap(NULL, 288056, PROT_READ, MAP_PRIVATE, 23, 0) = 0x7f14b86a6000
[pid 19415] close(23 <unfinished ...>
[pid 19417] mprotect(0x7f6fc65e7000, 16384, PROT_READ <unfinished ...>
[pid 19415] <... close resumed> )       = 0
[pid 19417] <... mprotect resumed> )    = 0
[pid 19415] open("/usr/local/share/glib-2.0/schemas/gschemas.compiled", O_RDONLY) = -1 ENOENT (No such file or directory)
[pid 19417] mprotect(0x7f6fc126e000, 4096, PROT_READ <unfinished ...>
[pid 19415] open("/usr/lib/x86_64-linux-gnu/charset.alias", O_RDONLY <unfinished ...>
[pid 19417] <... mprotect resumed> )    = 0
[pid 19415] <... open resumed> )        = -1 ENOENT (No such file or directory)
[pid 19415] open("/usr/share/gnome/glib-2.0/schemas/gschemas.compiled", O_RDONLY <unfinished ...>
[pid 19417] mprotect(0x7f6fc1481000, 4096, PROT_READ <unfinished ...>
[pid 19415] <... open resumed> )        = -1 ENOENT (No such file or directory)
[pid 19417] <... mprotect resumed> )    = 0
[pid 19415] futex(0x7f14c4b3a428, FUTEX_WAKE_PRIVATE, 2147483647) = 0
[pid 19417] mprotect(0x7f6fc169c000, 8192, PROT_READ) = 0
[pid 19415] futex(0x7f14c4b3a428, FUTEX_WAKE_PRIVATE, 2147483647) = 0
[pid 19415] futex(0x7f14c4b3a428, FUTEX_WAKE_PRIVATE, 2147483647) = 0
[pid 19415] futex(0x7f14c4b3a428, FUTEX_WAKE_PRIVATE, 2147483647 <unfinished ...>
[pid 19417] mprotect(0x7f6fc191d000, 4096, PROT_READ <unfinished ...>
[pid 19415] <... futex resumed> )       = 0
[pid 19417] <... mprotect resumed> )    = 0
[pid 19415] futex(0x7f14c4b3a428, FUTEX_WAKE_PRIVATE, 2147483647) = 0
[pid 19415] futex(0x7f14c4b3a428, FUTEX_WAKE_PRIVATE, 2147483647) = 0
[pid 19415] futex(0x7f14c4b3a428, FUTEX_WAKE_PRIVATE, 2147483647) = 0
[pid 19415] futex(0x7f14c4b3a428, FUTEX_WAKE_PRIVATE, 2147483647 <unfinished ...>
[pid 19417] mprotect(0x7f6fc1d85000, 8192, PROT_READ <unfinished ...>
[pid 19415] <... futex resumed> )       = 0
[pid 19417] <... mprotect resumed> )    = 0
[pid 19415] futex(0x7f14c4b3a428, FUTEX_WAKE_PRIVATE, 2147483647) = 0
[pid 19417] mprotect(0x7f6fc1b50000, 4096, PROT_READ <unfinished ...>
[pid 19415] futex(0x7f14c4b3a428, FUTEX_WAKE_PRIVATE, 2147483647 <unfinished ...>
[pid 19417] <... mprotect resumed> )    = 0
[pid 19415] <... futex resumed> )       = 0
[pid 19415] futex(0x7f14c4b3a428, FUTEX_WAKE_PRIVATE, 2147483647 <unfinished ...>
[pid 19417] mprotect(0x7f6fc1f99000, 4096, PROT_READ <unfinished ...>
[pid 19415] <... futex resumed> )       = 0
[pid 19417] <... mprotect resumed> )    = 0
[pid 19415] futex(0x7f14c4b3a428, FUTEX_WAKE_PRIVATE, 2147483647) = 0
[pid 19415] futex(0x7f14c4b3a428, FUTEX_WAKE_PRIVATE, 2147483647 <unfinished ...>
[pid 19417] mprotect(0x7f6fcc8c4000, 4096, PROT_READ <unfinished ...>
[pid 19415] <... futex resumed> )       = 0
[pid 19415] futex(0x7f14c4b3a428, FUTEX_WAKE_PRIVATE, 2147483647 <unfinished ...>
[pid 19417] <... mprotect resumed> )    = 0
[pid 19415] <... futex resumed> )       = 0
[pid 19415] openat(AT_FDCWD, "/usr/lib/x86_64-linux-gnu/gio/modules", O_RDONLY|O_NONBLOCK|O_DIRECTORY|O_CLOEXEC <unfinished ...>
[pid 19417] mprotect(0x7f6fc80f3000, 4096, PROT_READ <unfinished ...>
[pid 19415] <... openat resumed> )      = 23
[pid 19417] <... mprotect resumed> )    = 0
[pid 19415] stat("/usr/lib/x86_64-linux-gnu/gio/modules/giomodule.cache", {st_mode=S_IFREG|0644, st_size=270, ...}) = 0
[pid 19417] mprotect(0x7f6fc4aa7000, 4096, PROT_READ <unfinished ...>
[pid 19415] open("/usr/lib/x86_64-linux-gnu/gio/modules/giomodule.cache", O_RDONLY <unfinished ...>
[pid 19417] <... mprotect resumed> )    = 0
[pid 19415] <... open resumed> )        = 24
[pid 19415] fstat(24, {st_mode=S_IFREG|0644, st_size=270, ...}) = 0
[pid 19415] read(24, "libgvfsdbus.so: gio-vfs,gio-volu"..., 270) = 270
[pid 19417] mprotect(0x7f6fc21f4000, 40960, PROT_READ <unfinished ...>
[pid 19415] close(24)                   = 0
[pid 19417] <... mprotect resumed> )    = 0
[pid 19415] getdents(23,  <unfinished ...>
[pid 19417] mprotect(0x7f6fc2409000, 4096, PROT_READ <unfinished ...>
[pid 19415] <... getdents resumed> /* 9 entries */, 32768) = 344
[pid 19417] <... mprotect resumed> )    = 0
[pid 19415] futex(0x7f14c4b3a428, FUTEX_WAKE_PRIVATE, 2147483647 <unfinished ...>
[pid 19417] mprotect(0x7f6fc260d000, 4096, PROT_READ <unfinished ...>
[pid 19415] <... futex resumed> )       = 0
[pid 19417] <... mprotect resumed> )    = 0
[pid 19415] stat("/usr/lib/x86_64-linux-gnu/gio/modules/libgvfsdbus.so", {st_mode=S_IFREG|0644, st_size=206792, ...}) = 0
[pid 19415] stat("/usr/lib/x86_64-linux-gnu/gio/modules/libgiognomeproxy.so",  <unfinished ...>
[pid 19417] mprotect(0x7f6fc283c000, 8192, PROT_READ <unfinished ...>
[pid 19415] <... stat resumed> {st_mode=S_IFREG|0644, st_size=18808, ...}) = 0
[pid 19417] <... mprotect resumed> )    = 0
[pid 19415] stat("/usr/lib/x86_64-linux-gnu/gio/modules/libgiolibproxy.so", {st_mode=S_IFREG|0644, st_size=14536, ...}) = 0
[pid 19415] stat("/usr/lib/x86_64-linux-gnu/gio/modules/libdconfsettings.so",  <unfinished ...>
[pid 19417] mprotect(0x7f6fc4cc0000, 8192, PROT_READ <unfinished ...>
[pid 19415] <... stat resumed> {st_mode=S_IFREG|0644, st_size=52480, ...}) = 0
[pid 19417] <... mprotect resumed> )    = 0
[pid 19415] stat("/usr/lib/x86_64-linux-gnu/gio/modules/libgiognutls.so", {st_mode=S_IFREG|0644, st_size=110968, ...}) = 0
[pid 19415] stat("/usr/lib/x86_64-linux-gnu/gio/modules/libgioremote-volume-monitor.so", {st_mode=S_IFREG|0644, st_size=118368, ...}) = 0
[pid 19415] getdents(23, /* 0 entries */, 32768) = 0
[pid 19415] madvise(0x374fb2b72000, 40960, MADV_DONTNEED) = 0
[pid 19417] mprotect(0x7f6fc2b03000, 57344, PROT_READ <unfinished ...>
[pid 19415] close(23 <unfinished ...>
[pid 19417] <... mprotect resumed> )    = 0
[pid 19415] <... close resumed> )       = 0
[pid 19415] openat(AT_FDCWD, "/usr/lib/gio/modules", O_RDONLY|O_NONBLOCK|O_DIRECTORY|O_CLOEXEC) = -1 ENOENT (No such file or directory)
[pid 19417] mprotect(0x7f6fc2deb000, 4096, PROT_READ) = 0
[pid 19415] futex(0x7f14c4b3a428, FUTEX_WAKE_PRIVATE, 2147483647) = 0
[pid 19417] mprotect(0x7f6fc3015000, 4096, PROT_READ <unfinished ...>
[pid 19415] futex(0x7f14c4b3a428, FUTEX_WAKE_PRIVATE, 2147483647 <unfinished ...>
[pid 19417] <... mprotect resumed> )    = 0
[pid 19415] <... futex resumed> )       = 0
[pid 19415] futex(0x7f14c4b3a428, FUTEX_WAKE_PRIVATE, 2147483647) = 0
[pid 19417] mprotect(0x7f6fc321c000, 4096, PROT_READ <unfinished ...>
[pid 19415] futex(0x7f14c4b3a428, FUTEX_WAKE_PRIVATE, 2147483647 <unfinished ...>
[pid 19417] <... mprotect resumed> )    = 0
[pid 19415] <... futex resumed> )       = 0
[pid 19415] futex(0x7f14c4b3a428, FUTEX_WAKE_PRIVATE, 2147483647 <unfinished ...>
[pid 19417] mprotect(0x7f6fc3422000, 4096, PROT_READ <unfinished ...>
[pid 19415] <... futex resumed> )       = 0
[pid 19417] <... mprotect resumed> )    = 0
[pid 19415] futex(0x7f14c4b3a428, FUTEX_WAKE_PRIVATE, 2147483647) = 0
[pid 19417] mprotect(0x7f6fc3626000, 4096, PROT_READ <unfinished ...>
[pid 19415] futex(0x7f14c4b3a428, FUTEX_WAKE_PRIVATE, 2147483647 <unfinished ...>
[pid 19417] <... mprotect resumed> )    = 0
[pid 19415] <... futex resumed> )       = 0
[pid 19415] futex(0x7f14c4b3a428, FUTEX_WAKE_PRIVATE, 2147483647) = 0
[pid 19417] mprotect(0x7f6fc6b0e000, 4096, PROT_READ <unfinished ...>
[pid 19415] futex(0x7f14c4b3a428, FUTEX_WAKE_PRIVATE, 2147483647 <unfinished ...>
[pid 19417] <... mprotect resumed> )    = 0
[pid 19415] <... futex resumed> )       = 0
[pid 19415] futex(0x7f14c4b3a428, FUTEX_WAKE_PRIVATE, 2147483647 <unfinished ...>
[pid 19417] mprotect(0x7f6fc530a000, 4096, PROT_READ <unfinished ...>
[pid 19415] <... futex resumed> )       = 0
[pid 19415] futex(0x7f14c4b3a428, FUTEX_WAKE_PRIVATE, 2147483647 <unfinished ...>
[pid 19417] <... mprotect resumed> )    = 0
[pid 19415] <... futex resumed> )       = 0
[pid 19415] futex(0x7f14c4b3a428, FUTEX_WAKE_PRIVATE, 2147483647 <unfinished ...>
[pid 19417] mprotect(0x7f6fc5b5f000, 4096, PROT_READ <unfinished ...>
[pid 19415] <... futex resumed> )       = 0
[pid 19417] <... mprotect resumed> )    = 0
[pid 19415] futex(0x7f14c4b3a428, FUTEX_WAKE_PRIVATE, 2147483647) = 0
[pid 19415] futex(0x7f14c4b3a428, FUTEX_WAKE_PRIVATE, 2147483647) = 0
[pid 19415] futex(0x7f14c4b3a428, FUTEX_WAKE_PRIVATE, 2147483647 <unfinished ...>
[pid 19417] mprotect(0x7f6fcb411000, 24576, PROT_READ <unfinished ...>
[pid 19415] <... futex resumed> )       = 0
[pid 19417] <... mprotect resumed> )    = 0
[pid 19415] futex(0x7f14c4b3a428, FUTEX_WAKE_PRIVATE, 2147483647) = 0
[pid 19415] futex(0x7f14c4b3a428, FUTEX_WAKE_PRIVATE, 2147483647) = 0
[pid 19415] stat("/usr/lib/x86_64-linux-gnu/gio/modules/libdconfsettings.so",  <unfinished ...>
[pid 19417] mprotect(0x7f6fc4678000, 4096, PROT_READ <unfinished ...>
[pid 19415] <... stat resumed> {st_mode=S_IFREG|0644, st_size=52480, ...}) = 0
[pid 19417] <... mprotect resumed> )    = 0
[pid 19415] open("/usr/lib/x86_64-linux-gnu/gio/modules/libdconfsettings.so", O_RDONLY|O_CLOEXEC) = 23
[pid 19417] mprotect(0x7f6fc9555000, 4096, PROT_READ <unfinished ...>
[pid 19415] read(23, "\177ELF\2\1\1\0\0\0\0\0\0\0\0\0\3\0>\0\1\0\0\0\340;\0\0\0\0\0\0"..., 832) = 832
[pid 19417] <... mprotect resumed> )    = 0
[pid 19415] fstat(23, {st_mode=S_IFREG|0644, st_size=52480, ...}) = 0
[pid 19417] mprotect(0x7f6fc3884000, 4096, PROT_READ <unfinished ...>
[pid 19415] mmap(NULL, 2147832, PROT_READ|PROT_EXEC, MAP_PRIVATE|MAP_DENYWRITE, 23, 0 <unfinished ...>
[pid 19417] <... mprotect resumed> )    = 0
[pid 19415] <... mmap resumed> )        = 0x7f14b8499000
[pid 19415] mprotect(0x7f14b84a4000, 2097152, PROT_NONE <unfinished ...>
[pid 19417] mprotect(0x7f6fc975e000, 4096, PROT_READ <unfinished ...>
[pid 19415] <... mprotect resumed> )    = 0
[pid 19415] mmap(0x7f14b86a4000, 8192, PROT_READ|PROT_WRITE, MAP_PRIVATE|MAP_FIXED|MAP_DENYWRITE, 23, 0xb000 <unfinished ...>
[pid 19417] <... mprotect resumed> )    = 0
[pid 19415] <... mmap resumed> )        = 0x7f14b86a4000
[pid 19415] close(23)                   = 0
[pid 19415] mprotect(0x7f14b86a4000, 4096, PROT_READ) = 0
[pid 19415] futex(0x7f14c4b3a428, FUTEX_WAKE_PRIVATE, 2147483647) = 0
[pid 19415] open("/etc/dconf/profile/user", O_RDONLY) = -1 ENOENT (No such file or directory)
[pid 19415] open("/usr/share/gnome/dconf/profile/user", O_RDONLY) = -1 ENOENT (No such file or directory)
[pid 19415] open("/usr/local/share/dconf/profile/user", O_RDONLY) = -1 ENOENT (No such file or directory)
[pid 19417] mprotect(0x7f6fcdc3b000, 12288, PROT_READ <unfinished ...>
[pid 19415] open("/usr/share/dconf/profile/user", O_RDONLY <unfinished ...>
[pid 19417] <... mprotect resumed> )    = 0
[pid 19415] <... open resumed> )        = -1 ENOENT (No such file or directory)
[pid 19415] futex(0x7f14c4b3a428, FUTEX_WAKE_PRIVATE, 2147483647) = 0
[pid 19415] futex(0x7f14c4b3a428, FUTEX_WAKE_PRIVATE, 2147483647) = 0
[pid 19415] access("/run", F_OK)        = 0
[pid 19415] stat("/run", {st_mode=S_IFDIR|0755, st_size=940, ...}) = 0
[pid 19415] access("/run/user", F_OK)   = 0
[pid 19417] mprotect(0x7f6fca534000, 4096, PROT_READ <unfinished ...>
[pid 19415] stat("/run/user",  <unfinished ...>
[pid 19417] <... mprotect resumed> )    = 0
[pid 19415] <... stat resumed> {st_mode=S_IFDIR|0755, st_size=60, ...}) = 0
[pid 19415] access("/run/user/1000", F_OK <unfinished ...>
[pid 19417] mprotect(0x7f6fc3ca1000, 4096, PROT_READ <unfinished ...>
[pid 19415] <... access resumed> )      = 0
[pid 19417] <... mprotect resumed> )    = 0
[pid 19415] stat("/run/user/1000", {st_mode=S_IFDIR|0700, st_size=280, ...}) = 0
[pid 19417] mprotect(0x7f6fc3a95000, 4096, PROT_READ <unfinished ...>
[pid 19415] access("/run/user/1000/dconf", F_OK <unfinished ...>
[pid 19417] <... mprotect resumed> )    = 0
[pid 19415] <... access resumed> )      = 0
[pid 19415] stat("/run/user/1000/dconf", {st_mode=S_IFDIR|0700, st_size=60, ...}) = 0
[pid 19415] open("/run/user/1000/dconf/user", O_RDWR|O_CREAT, 0600) = 23
[pid 19415] pwrite(23, "\0", 1, 1)      = 1
[pid 19415] mmap(NULL, 1, PROT_READ, MAP_SHARED, 23, 0) = 0x7f14c9259000
[pid 19415] close(23)                   = 0
[pid 19415] open("/home/cjb/.config/dconf/user", O_RDONLY) = 23
[pid 19415] fstat(23, {st_mode=S_IFREG|0664, st_size=17400, ...}) = 0
[pid 19415] mmap(NULL, 17400, PROT_READ, MAP_PRIVATE, 23, 0) = 0x7f14c9254000
[pid 19415] close(23)                   = 0
[pid 19417] mprotect(0x7f6fc3fb4000, 36864, PROT_READ) = 0
[pid 19415] eventfd2(0, O_NONBLOCK|O_CLOEXEC) = 23
[pid 19415] write(23, "\1\0\0\0\0\0\0\0", 8) = 8
[pid 19415] mmap(NULL, 8392704, PROT_READ|PROT_WRITE|PROT_EXEC, MAP_PRIVATE|MAP_ANONYMOUS|MAP_STACK, -1, 0) = 0x7f14b7c98000
[pid 19415] mprotect(0x7f14b7c98000, 4096, PROT_NONE <unfinished ...>
[pid 19417] mprotect(0x7f6fc4204000, 12288, PROT_READ <unfinished ...>
[pid 19415] <... mprotect resumed> )    = 0
[pid 19417] <... mprotect resumed> )    = 0
[pid 19415] clone(Process 19418 attached
child_stack=0x7f14b8497cb0, flags=CLONE_VM|CLONE_FS|CLONE_FILES|CLONE_SIGHAND|CLONE_THREAD|CLONE_SYSVSEM|CLONE_SETTLS|CLONE_PARENT_SETTID|CLONE_CHILD_CLEARTID, parent_tidptr=0x7f14b84989d0, tls=0x7f14b8498700, child_tidptr=0x7f14b84989d0) = 19418
[pid 19418] set_robust_list(0x7f14b84989e0, 24 <unfinished ...>
[pid 19415] futex(0x7f14c4b3a428, FUTEX_WAKE_PRIVATE, 2147483647 <unfinished ...>
[pid 19418] <... set_robust_list resumed> ) = 0
[pid 19415] <... futex resumed> )       = 0
[pid 19417] mprotect(0x7f6fc88a2000, 4096, PROT_READ <unfinished ...>
[pid 19418] prctl(PR_SET_NAME, 0x374fb2b72fb0, 0, 0, 0 <unfinished ...>
[pid 19417] <... mprotect resumed> )    = 0
[pid 19418] <... prctl resumed> )       = 0
[pid 19417] mprotect(0x7f6fc440b000, 4096, PROT_READ <unfinished ...>
[pid 19418] poll([{fd=23, events=POLLIN}], 1, 0 <unfinished ...>
[pid 19417] <... mprotect resumed> )    = 0
[pid 19418] <... poll resumed> )        = 1 ([{fd=23, revents=POLLIN}])
[pid 19415] futex(0x7f14c4b3a428, FUTEX_WAKE_PRIVATE, 2147483647) = 0
[pid 19417] mprotect(0x7f6fca787000, 4096, PROT_READ <unfinished ...>
[pid 19415] futex(0x7f14c4b3a428, FUTEX_WAKE_PRIVATE, 2147483647 <unfinished ...>
[pid 19418] futex(0x7f14c4b3a430, FUTEX_WAIT_PRIVATE, 2, NULL <unfinished ...>
[pid 19415] <... futex resumed> )       = 0
[pid 19417] <... mprotect resumed> )    = 0
[pid 19415] futex(0x7f14c4b3a430, FUTEX_WAKE_PRIVATE, 1) = 1
[pid 19418] <... futex resumed> )       = 0
[pid 19417] mprotect(0x7f6fc9962000, 4096, PROT_READ <unfinished ...>
[pid 19418] futex(0x7f14c4b3a428, FUTEX_WAKE_PRIVATE, 2147483647) = 0
[pid 19417] <... mprotect resumed> )    = 0
[pid 19418] futex(0x7f14c4b3a430, FUTEX_WAKE_PRIVATE, 1) = 0
[pid 19418] futex(0x7f14c4b3a428, FUTEX_WAKE_PRIVATE, 2147483647) = 0
[pid 19415] futex(0x7f14c4b3a430, FUTEX_WAIT_PRIVATE, 2, NULL <unfinished ...>
[pid 19418] futex(0x7f14c4b3a430, FUTEX_WAKE_PRIVATE, 1 <unfinished ...>
[pid 19415] <... futex resumed> )       = -1 EAGAIN (Resource temporarily unavailable)
[pid 19418] <... futex resumed> )       = 0
[pid 19415] futex(0x7f14c4b3a430, FUTEX_WAKE_PRIVATE, 1 <unfinished ...>
[pid 19417] mprotect(0x7f6fc4ee5000, 4096, PROT_READ <unfinished ...>
[pid 19415] <... futex resumed> )       = 0
[pid 19418] futex(0x374fb2af48d0, FUTEX_WAIT_PRIVATE, 2, NULL <unfinished ...>
[pid 19417] <... mprotect resumed> )    = 0
[pid 19415] futex(0x7f14c4b3a428, FUTEX_WAKE_PRIVATE, 2147483647) = 0
[pid 19415] futex(0x7f14c4b3a428, FUTEX_WAKE_PRIVATE, 2147483647) = 0
[pid 19415] futex(0x7f14c4b3a428, FUTEX_WAKE_PRIVATE, 2147483647 <unfinished ...>
[pid 19417] mprotect(0x7f6fcab02000, 16384, PROT_READ <unfinished ...>
[pid 19415] <... futex resumed> )       = 0
[pid 19417] <... mprotect resumed> )    = 0
[pid 19417] mprotect(0x7f6fc489f000, 4096, PROT_READ) = 0
[pid 19415] futex(0x374fb2af48d0, FUTEX_WAKE_PRIVATE, 1) = 1
[pid 19418] <... futex resumed> )       = 0
[pid 19418] futex(0x374fb2af48d0, FUTEX_WAKE_PRIVATE, 1 <unfinished ...>
[pid 19415] futex(0x7f14c4b3a428, FUTEX_WAKE_PRIVATE, 2147483647 <unfinished ...>
[pid 19418] <... futex resumed> )       = 0
[pid 19415] <... futex resumed> )       = 0
[pid 19418] futex(0x7f14c4b3a430, FUTEX_WAIT_PRIVATE, 2, NULL <unfinished ...>
[pid 19415] futex(0x7f14c4b3a430, FUTEX_WAKE_PRIVATE, 1 <unfinished ...>
[pid 19418] <... futex resumed> )       = -1 EAGAIN (Resource temporarily unavailable)
[pid 19415] <... futex resumed> )       = 0
[pid 19418] futex(0x7f14c4b3a430, FUTEX_WAKE_PRIVATE, 1 <unfinished ...>
[pid 19417] mprotect(0x7f6fc50f0000, 4096, PROT_READ <unfinished ...>
[pid 19418] <... futex resumed> )       = 0
[pid 19415] futex(0x7f14c4b3a1d0, FUTEX_WAKE_PRIVATE, 1 <unfinished ...>
[pid 19418] futex(0x7f14c4b3a1d0, FUTEX_WAKE_PRIVATE, 1 <unfinished ...>
[pid 19415] <... futex resumed> )       = 0
[pid 19418] <... futex resumed> )       = 0
[pid 19417] <... mprotect resumed> )    = 0
[pid 19415] futex(0x7f14c4b3a430, FUTEX_WAIT_PRIVATE, 2, NULL <unfinished ...>
[pid 19418] futex(0x7f14c4b3a428, FUTEX_WAKE_PRIVATE, 2147483647 <unfinished ...>
[pid 19417] mprotect(0x7f6fc552b000, 4096, PROT_READ <unfinished ...>
[pid 19418] <... futex resumed> )       = 0
[pid 19418] futex(0x7f14c4b3a430, FUTEX_WAKE_PRIVATE, 1 <unfinished ...>
[pid 19417] <... mprotect resumed> )    = 0
[pid 19415] <... futex resumed> )       = 0
[pid 19418] <... futex resumed> )       = 1
[pid 19415] futex(0x7f14c4b3a428, FUTEX_WAKE_PRIVATE, 2147483647 <unfinished ...>
[pid 19418] futex(0x7f14c4b3a430, FUTEX_WAIT_PRIVATE, 2, NULL <unfinished ...>
[pid 19415] <... futex resumed> )       = 0
[pid 19417] mprotect(0x7f6fc5735000, 4096, PROT_READ <unfinished ...>
[pid 19415] futex(0x7f14c4b3a430, FUTEX_WAKE_PRIVATE, 1 <unfinished ...>
[pid 19417] <... mprotect resumed> )    = 0
[pid 19415] <... futex resumed> )       = 1
[pid 19418] <... futex resumed> )       = 0
[pid 19415] futex(0x7f14c4b3a428, FUTEX_WAKE_PRIVATE, 2147483647 <unfinished ...>
[pid 19418] futex(0x7f14c4b3a430, FUTEX_WAIT_PRIVATE, 2, NULL <unfinished ...>
[pid 19415] <... futex resumed> )       = 0
[pid 19417] mprotect(0x7f6fc5939000, 4096, PROT_READ <unfinished ...>
[pid 19415] futex(0x7f14c4b3a430, FUTEX_WAKE_PRIVATE, 1 <unfinished ...>
[pid 19417] <... mprotect resumed> )    = 0
[pid 19415] <... futex resumed> )       = 1
[pid 19418] <... futex resumed> )       = 0
[pid 19418] futex(0x7f14c4b3a428, FUTEX_WAKE_PRIVATE, 2147483647 <unfinished ...>
[pid 19415] futex(0x7f14c4b3a430, FUTEX_WAIT_PRIVATE, 2, NULL <unfinished ...>
[pid 19418] <... futex resumed> )       = 0
[pid 19418] futex(0x7f14c4b3a430, FUTEX_WAKE_PRIVATE, 1 <unfinished ...>
[pid 19415] <... futex resumed> )       = 0
[pid 19418] <... futex resumed> )       = 1
[pid 19415] futex(0x7f14c4b3a430, FUTEX_WAKE_PRIVATE, 1 <unfinished ...>
[pid 19418] futex(0x374fb2af48d0, FUTEX_WAIT_PRIVATE, 2, NULL <unfinished ...>
[pid 19415] <... futex resumed> )       = 0
[pid 19417] mprotect(0x7f6fc5e05000, 32768, PROT_READ <unfinished ...>
